F:/Burak/YURTOGLU/STM32CubeIDE/workspace_1.5.0/finalYearProject/CMSIS/Include/core_cm4.h:1688:22:__NVIC_EnableIRQ	16	static
F:/Burak/YURTOGLU/STM32CubeIDE/workspace_1.5.0/finalYearProject/CMSIS/Include/core_cm4.h:1816:22:__NVIC_SetPriority	16	static
../Inc/RCC.h:11:6:SysClockConfig	4	static
../Src/main.c:15:6:GpioConfig	4	static
../Src/main.c:39:6:Interrupt_Config	8	static
../Src/main.c:79:6:TIM4_Config	4	static
../Src/main.c:104:6:TIM6_Config	8	static
../Src/main.c:134:6:delay_us	16	static
../Src/main.c:141:6:delay_ms	24	static
../Src/main.c:194:5:main	24	static
../Src/main.c:259:7:Robot_PID_Q	40	static
../Src/main.c:280:6:Robot_Ref	24	static
../Src/main.c:286:6:MotorL	16	static
../Src/main.c:293:6:MotorR	16	static
../Src/main.c:303:6:MotorStop	4	static
../Src/main.c:306:6:MotorStart	4	static
../Src/main.c:313:6:EXTI0_IRQHandler	4	static
../Src/main.c:321:6:EXTI1_IRQHandler	4	static
../Src/main.c:331:6:TIM6_DAC_IRQHandler	4	static
