Archive member included to satisfy reference by file (symbol)

c:/st/stm32cubeide_1.9.0/stm32cubeide/plugins/com.st.stm32cube.ide.mcu.externaltools.gnu-tools-for-stm32.10.3-2021.10.win32_1.0.0.202111181127/tools/bin/../lib/gcc/arm-none-eabi/10.3.1/../../../../arm-none-eabi/lib/thumb/v7e-m/nofp\libc_nano.a(lib_a-errno.o)
                              ./Src/syscalls.o (__errno)
c:/st/stm32cubeide_1.9.0/stm32cubeide/plugins/com.st.stm32cube.ide.mcu.externaltools.gnu-tools-for-stm32.10.3-2021.10.win32_1.0.0.202111181127/tools/bin/../lib/gcc/arm-none-eabi/10.3.1/../../../../arm-none-eabi/lib/thumb/v7e-m/nofp\libc_nano.a(lib_a-exit.o)
                              c:/st/stm32cubeide_1.9.0/stm32cubeide/plugins/com.st.stm32cube.ide.mcu.externaltools.gnu-tools-for-stm32.10.3-2021.10.win32_1.0.0.202111181127/tools/bin/../lib/gcc/arm-none-eabi/10.3.1/../../../../arm-none-eabi/lib/thumb/v7e-m/nofp/crt0.o (exit)
c:/st/stm32cubeide_1.9.0/stm32cubeide/plugins/com.st.stm32cube.ide.mcu.externaltools.gnu-tools-for-stm32.10.3-2021.10.win32_1.0.0.202111181127/tools/bin/../lib/gcc/arm-none-eabi/10.3.1/../../../../arm-none-eabi/lib/thumb/v7e-m/nofp\libc_nano.a(lib_a-impure.o)
                              c:/st/stm32cubeide_1.9.0/stm32cubeide/plugins/com.st.stm32cube.ide.mcu.externaltools.gnu-tools-for-stm32.10.3-2021.10.win32_1.0.0.202111181127/tools/bin/../lib/gcc/arm-none-eabi/10.3.1/../../../../arm-none-eabi/lib/thumb/v7e-m/nofp\libc_nano.a(lib_a-exit.o) (_global_impure_ptr)
c:/st/stm32cubeide_1.9.0/stm32cubeide/plugins/com.st.stm32cube.ide.mcu.externaltools.gnu-tools-for-stm32.10.3-2021.10.win32_1.0.0.202111181127/tools/bin/../lib/gcc/arm-none-eabi/10.3.1/../../../../arm-none-eabi/lib/thumb/v7e-m/nofp\libc_nano.a(lib_a-init.o)
                              c:/st/stm32cubeide_1.9.0/stm32cubeide/plugins/com.st.stm32cube.ide.mcu.externaltools.gnu-tools-for-stm32.10.3-2021.10.win32_1.0.0.202111181127/tools/bin/../lib/gcc/arm-none-eabi/10.3.1/../../../../arm-none-eabi/lib/thumb/v7e-m/nofp/crt0.o (__libc_init_array)
c:/st/stm32cubeide_1.9.0/stm32cubeide/plugins/com.st.stm32cube.ide.mcu.externaltools.gnu-tools-for-stm32.10.3-2021.10.win32_1.0.0.202111181127/tools/bin/../lib/gcc/arm-none-eabi/10.3.1/../../../../arm-none-eabi/lib/thumb/v7e-m/nofp\libc_nano.a(lib_a-memset.o)
                              c:/st/stm32cubeide_1.9.0/stm32cubeide/plugins/com.st.stm32cube.ide.mcu.externaltools.gnu-tools-for-stm32.10.3-2021.10.win32_1.0.0.202111181127/tools/bin/../lib/gcc/arm-none-eabi/10.3.1/../../../../arm-none-eabi/lib/thumb/v7e-m/nofp/crt0.o (memset)
c:/st/stm32cubeide_1.9.0/stm32cubeide/plugins/com.st.stm32cube.ide.mcu.externaltools.gnu-tools-for-stm32.10.3-2021.10.win32_1.0.0.202111181127/tools/bin/../lib/gcc/arm-none-eabi/10.3.1/../../../../arm-none-eabi/lib/thumb/v7e-m/nofp\libm.a(lib_a-s_cos.o)
                              ./Src/main.o (cos)
c:/st/stm32cubeide_1.9.0/stm32cubeide/plugins/com.st.stm32cube.ide.mcu.externaltools.gnu-tools-for-stm32.10.3-2021.10.win32_1.0.0.202111181127/tools/bin/../lib/gcc/arm-none-eabi/10.3.1/../../../../arm-none-eabi/lib/thumb/v7e-m/nofp\libm.a(lib_a-s_sin.o)
                              ./Src/main.o (sin)
c:/st/stm32cubeide_1.9.0/stm32cubeide/plugins/com.st.stm32cube.ide.mcu.externaltools.gnu-tools-for-stm32.10.3-2021.10.win32_1.0.0.202111181127/tools/bin/../lib/gcc/arm-none-eabi/10.3.1/../../../../arm-none-eabi/lib/thumb/v7e-m/nofp\libm.a(lib_a-w_atan2.o)
                              ./Src/main.o (atan2)
c:/st/stm32cubeide_1.9.0/stm32cubeide/plugins/com.st.stm32cube.ide.mcu.externaltools.gnu-tools-for-stm32.10.3-2021.10.win32_1.0.0.202111181127/tools/bin/../lib/gcc/arm-none-eabi/10.3.1/../../../../arm-none-eabi/lib/thumb/v7e-m/nofp\libm.a(lib_a-w_pow.o)
                              ./Src/main.o (pow)
c:/st/stm32cubeide_1.9.0/stm32cubeide/plugins/com.st.stm32cube.ide.mcu.externaltools.gnu-tools-for-stm32.10.3-2021.10.win32_1.0.0.202111181127/tools/bin/../lib/gcc/arm-none-eabi/10.3.1/../../../../arm-none-eabi/lib/thumb/v7e-m/nofp\libm.a(lib_a-w_sqrt.o)
                              ./Src/main.o (sqrt)
c:/st/stm32cubeide_1.9.0/stm32cubeide/plugins/com.st.stm32cube.ide.mcu.externaltools.gnu-tools-for-stm32.10.3-2021.10.win32_1.0.0.202111181127/tools/bin/../lib/gcc/arm-none-eabi/10.3.1/../../../../arm-none-eabi/lib/thumb/v7e-m/nofp\libm.a(lib_a-e_atan2.o)
                              c:/st/stm32cubeide_1.9.0/stm32cubeide/plugins/com.st.stm32cube.ide.mcu.externaltools.gnu-tools-for-stm32.10.3-2021.10.win32_1.0.0.202111181127/tools/bin/../lib/gcc/arm-none-eabi/10.3.1/../../../../arm-none-eabi/lib/thumb/v7e-m/nofp\libm.a(lib_a-w_atan2.o) (__ieee754_atan2)
c:/st/stm32cubeide_1.9.0/stm32cubeide/plugins/com.st.stm32cube.ide.mcu.externaltools.gnu-tools-for-stm32.10.3-2021.10.win32_1.0.0.202111181127/tools/bin/../lib/gcc/arm-none-eabi/10.3.1/../../../../arm-none-eabi/lib/thumb/v7e-m/nofp\libm.a(lib_a-e_pow.o)
[...]
Memory Configuration

Name             Origin             Length             Attributes
RAM              0x0000000020000000 0x0000000000020000 xrw
FLASH            0x0000000008000000 0x0000000000100000 xr
*default*        0x0000000000000000 0xffffffffffffffff

Linker script and memory map

LOAD c:/st/stm32cubeide_1.9.0/stm32cubeide/plugins/com.st.stm32cube.ide.mcu.externaltools.gnu-tools-for-stm32.10.3-2021.10.win32_1.0.0.202111181127/tools/bin/../lib/gcc/arm-none-eabi/10.3.1/thumb/v7e-m/nofp/crti.o
LOAD c:/st/stm32cubeide_1.9.0/stm32cubeide/plugins/com.st.stm32cube.ide.mcu.externaltools.gnu-tools-for-stm32.10.3-2021.10.win32_1.0.0.202111181127/tools/bin/../lib/gcc/arm-none-eabi/10.3.1/thumb/v7e-m/nofp/crtbegin.o
LOAD c:/st/stm32cubeide_1.9.0/stm32cubeide/plugins/com.st.stm32cube.ide.mcu.externaltools.gnu-tools-for-stm32.10.3-2021.10.win32_1.0.0.202111181127/tools/bin/../lib/gcc/arm-none-eabi/10.3.1/../../../../arm-none-eabi/lib/thumb/v7e-m/nofp/crt0.o
LOAD ./Src/main.o
LOAD ./Src/syscalls.o
LOAD ./Src/sysmem.o
LOAD ./Startup/startup_stm32f407vgtx.o
START GROUP
LOAD c:/st/stm32cubeide_1.9.0/stm32cubeide/plugins/com.st.stm32cube.ide.mcu.externaltools.gnu-tools-for-stm32.10.3-2021.10.win32_1.0.0.202111181127/tools/bin/../lib/gcc/arm-none-eabi/10.3.1/../../../../arm-none-eabi/lib/thumb/v7e-m/nofp\libc_nano.a
LOAD c:/st/stm32cubeide_1.9.0/stm32cubeide/plugins/com.st.stm32cube.ide.mcu.externaltools.gnu-tools-for-stm32.10.3-2021.10.win32_1.0.0.202111181127/tools/bin/../lib/gcc/arm-none-eabi/10.3.1/../../../../arm-none-eabi/lib/thumb/v7e-m/nofp\libm.a
END GROUP
START GROUP
LOAD c:/st/stm32cubeide_1.9.0/stm32cubeide/plugins/com.st.stm32cube.ide.mcu.externaltools.gnu-tools-for-stm32.10.3-2021.10.win32_1.0.0.202111181127/tools/bin/../lib/gcc/arm-none-eabi/10.3.1/thumb/v7e-m/nofp\libgcc.a
LOAD c:/st/stm32cubeide_1.9.0/stm32cubeide/plugins/com.st.stm32cube.ide.mcu.externaltools.gnu-tools-for-stm32.10.3-2021.10.win32_1.0.0.202111181127/tools/bin/../lib/gcc/arm-none-eabi/10.3.1/../../../../arm-none-eabi/lib/thumb/v7e-m/nofp\libc_nano.a
END GROUP
START GROUP
LOAD c:/st/stm32cubeide_1.9.0/stm32cubeide/plugins/com.st.stm32cube.ide.mcu.externaltools.gnu-tools-for-stm32.10.3-2021.10.win32_1.0.0.202111181127/tools/bin/../lib/gcc/arm-none-eabi/10.3.1/thumb/v7e-m/nofp\libgcc.a
LOAD c:/st/stm32cubeide_1.9.0/stm32cubeide/plugins/com.st.stm32cube.ide.mcu.externaltools.gnu-tools-for-stm32.10.3-2021.10.win32_1.0.0.202111181127/tools/bin/../lib/gcc/arm-none-eabi/10.3.1/../../../../arm-none-eabi/lib/thumb/v7e-m/nofp\libc_nano.a
LOAD c:/st/stm32cubeide_1.9.0/stm32cubeide/plugins/com.st.stm32cube.ide.mcu.externaltools.gnu-tools-for-stm32.10.3-2021.10.win32_1.0.0.202111181127/tools/bin/../lib/gcc/arm-none-eabi/10.3.1/../../../../arm-none-eabi/lib/thumb/v7e-m/nofp\libnosys.a
END GROUP
START GROUP
LOAD c:/st/stm32cubeide_1.9.0/stm32cubeide/plugins/com.st.stm32cube.ide.mcu.externaltools.gnu-tools-for-stm32.10.3-2021.10.win32_1.0.0.202111181127/tools/bin/../lib/gcc/arm-none-eabi/10.3.1/thumb/v7e-m/nofp\libgcc.a
LOAD c:/st/stm32cubeide_1.9.0/stm32cubeide/plugins/com.st.stm32cube.ide.mcu.externaltools.gnu-tools-for-stm32.10.3-2021.10.win32_1.0.0.202111181127/tools/bin/../lib/gcc/arm-none-eabi/10.3.1/../../../../arm-none-eabi/lib/thumb/v7e-m/nofp\libc_nano.a
LOAD c:/st/stm32cubeide_1.9.0/stm32cubeide/plugins/com.st.stm32cube.ide.mcu.externaltools.gnu-tools-for-stm32.10.3-2021.10.win32_1.0.0.202111181127/tools/bin/../lib/gcc/arm-none-eabi/10.3.1/../../../../arm-none-eabi/lib/thumb/v7e-m/nofp\libnosys.a
END GROUP
LOAD c:/st/stm32cubeide_1.9.0/stm32cubeide/plugins/com.st.stm32cube.ide.mcu.externaltools.gnu-tools-for-stm32.10.3-2021.10.win32_1.0.0.202111181127/tools/bin/../lib/gcc/arm-none-eabi/10.3.1/thumb/v7e-m/nofp/crtend.o
LOAD c:/st/stm32cubeide_1.9.0/stm32cubeide/plugins/com.st.stm32cube.ide.mcu.externaltools.gnu-tools-for-stm32.10.3-2021.10.win32_1.0.0.202111181127/tools/bin/../lib/gcc/arm-none-eabi/10.3.1/thumb/v7e-m/nofp/crtn.o
                0x0000000020020000                _estack = (ORIGIN (RAM) + LENGTH (RAM))
                0x0000000000000200                _Min_Heap_Size = 0x200
                0x0000000000000400                _Min_Stack_Size = 0x400

.isr_vector     0x0000000008000000      0x1a8
                0x0000000008000000                . = ALIGN (0x4)
 *(.isr_vector)
 .isr_vector    0x0000000008000000      0x1a8 ./Startup/startup_stm32f407vgtx.o
                0x0000000008000000                g_pfnVectors
                0x00000000080001a8                . = ALIGN (0x4)

.text           0x00000000080001a8     0x3dac
                0x00000000080001a8                . = ALIGN (0x4)
 *(.text)
 .text          0x00000000080001a8       0x40 c:/st/stm32cubeide_1.9.0/stm32cubeide/plugins/com.st.stm32cube.ide.mcu.externaltools.gnu-tools-for-stm32.10.3-2021.10.win32_1.0.0.202111181127/tools/bin/../lib/gcc/arm-none-eabi/10.3.1/thumb/v7e-m/nofp/crtbegin.o
 .text          0x00000000080001e8      0x378 c:/st/stm32cubeide_1.9.0/stm32cubeide/plugins/com.st.stm32cube.ide.mcu.externaltools.gnu-tools-for-stm32.10.3-2021.10.win32_1.0.0.202111181127/tools/bin/../lib/gcc/arm-none-eabi/10.3.1/thumb/v7e-m/nofp\libgcc.a(_arm_addsubdf3.o)
                0x00000000080001e8                __aeabi_drsub
                0x00000000080001f0                __aeabi_dsub
                0x00000000080001f0                __subdf3
                0x00000000080001f4                __aeabi_dadd
                0x00000000080001f4                __adddf3
                0x000000000800046c                __floatunsidf
                0x000000000800046c                __aeabi_ui2d
                0x000000000800048c                __floatsidf
                0x000000000800048c                __aeabi_i2d
                0x00000000080004b0                __aeabi_f2d
                0x00000000080004b0                __extendsfdf2
                0x00000000080004f4                __floatundidf
                0x00000000080004f4                __aeabi_ul2d
                0x0000000008000504                __floatdidf
                0x0000000008000504                __aeabi_l2d
 .text          0x0000000008000560      0x424 c:/st/stm32cubeide_1.9.0/stm32cubeide/plugins/com.st.stm32cube.ide.mcu.externaltools.gnu-tools-for-stm32.10.3-2021.10.win32_1.0.0.202111181127/tools/bin/../lib/gcc/arm-none-eabi/10.3.1/thumb/v7e-m/nofp\libgcc.a(_arm_muldivdf3.o)
                0x0000000008000560                __aeabi_dmul
                0x0000000008000560                __muldf3
                0x00000000080007b4                __divdf3
                0x00000000080007b4                __aeabi_ddiv
 .text          0x0000000008000984      0x110 c:/st/stm32cubeide_1.9.0/stm32cubeide/plugins/com.st.stm32cube.ide.mcu.externaltools.gnu-tools-for-stm32.10.3-2021.10.win32_1.0.0.202111181127/tools/bin/../lib/gcc/arm-none-eabi/10.3.1/thumb/v7e-m/nofp\libgcc.a(_arm_cmpdf2.o)
                0x0000000008000984                __gtdf2
                0x0000000008000984                __gedf2
                0x000000000800098c                __ltdf2
                0x000000000800098c                __ledf2
                0x0000000008000994                __nedf2
                0x0000000008000994                __eqdf2
                0x0000000008000994                __cmpdf2
                0x0000000008000a10                __aeabi_cdrcmple
                0x0000000008000a20                __aeabi_cdcmpeq
                0x0000000008000a20                __aeabi_cdcmple
                0x0000000008000a30                __aeabi_dcmpeq
                0x0000000008000a44                __aeabi_dcmplt
                0x0000000008000a58                __aeabi_dcmple
                0x0000000008000a6c                __aeabi_dcmpge
                0x0000000008000a80                __aeabi_dcmpgt
 .text          0x0000000008000a94       0x2c c:/st/stm32cubeide_1.9.0/stm32cubeide/plugins/com.st.stm32cube.ide.mcu.externaltools.gnu-tools-for-stm32.10.3-2021.10.win32_1.0.0.202111181127/tools/bin/../lib/gcc/arm-none-eabi/10.3.1/thumb/v7e-m/nofp\libgcc.a(_arm_unorddf2.o)
                0x0000000008000a94                __unorddf2
                0x0000000008000a94                __aeabi_dcmpun
 .text          0x0000000008000ac0       0x50 c:/st/stm32cubeide_1.9.0/stm32cubeide/plugins/com.st.stm32cube.ide.mcu.externaltools.gnu-tools-for-stm32.10.3-2021.10.win32_1.0.0.202111181127/tools/bin/../lib/gcc/arm-none-eabi/10.3.1/thumb/v7e-m/nofp\libgcc.a(_arm_fixdfsi.o)
                0x0000000008000ac0                __aeabi_d2iz
                0x0000000008000ac0                __fixdfsi
 .text          0x0000000008000b10       0xa0 c:/st/stm32cubeide_1.9.0/stm32cubeide/plugins/com.st.stm32cube.ide.mcu.externaltools.gnu-tools-for-stm32.10.3-2021.10.win32_1.0.0.202111181127/tools/bin/../lib/gcc/arm-none-eabi/10.3.1/thumb/v7e-m/nofp\libgcc.a(_arm_truncdfsf2.o)
                0x0000000008000b10                __truncdfsf2
                0x0000000008000b10                __aeabi_d2f
 .text          0x0000000008000bb0      0x21c c:/st/stm32cubeide_1.9.0/stm32cubeide/plugins/com.st.stm32cube.ide.mcu.externaltools.gnu-tools-for-stm32.10.3-2021.10.win32_1.0.0.202111181127/tools/bin/../lib/gcc/arm-none-eabi/10.3.1/thumb/v7e-m/nofp\libgcc.a(_arm_addsubsf3.o)
                0x0000000008000bb0                __aeabi_frsub
                0x0000000008000bb8                __subsf3
                0x0000000008000bb8                __aeabi_fsub
                0x0000000008000bbc                __aeabi_fadd
                0x0000000008000bbc                __addsf3
                0x0000000008000d1c                __aeabi_ui2f
                0x0000000008000d1c                __floatunsisf
                0x0000000008000d24                __aeabi_i2f
                0x0000000008000d24                __floatsisf
                0x0000000008000d40                __aeabi_ul2f
                0x0000000008000d40                __floatundisf
                0x0000000008000d50                __aeabi_l2f
                0x0000000008000d50                __floatdisf
 .text          0x0000000008000dcc      0x2a0 c:/st/stm32cubeide_1.9.0/stm32cubeide/plugins/com.st.stm32cube.ide.mcu.externaltools.gnu-tools-for-stm32.10.3-2021.10.win32_1.0.0.202111181127/tools/bin/../lib/gcc/arm-none-eabi/10.3.1/thumb/v7e-m/nofp\libgcc.a(_arm_muldivsf3.o)
                0x0000000008000dcc                __mulsf3
                0x0000000008000dcc                __aeabi_fmul
                0x0000000008000f34                __aeabi_fdiv
                0x0000000008000f34                __divsf3
 .text          0x000000000800106c       0xec c:/st/stm32cubeide_1.9.0/stm32cubeide/plugins/com.st.stm32cube.ide.mcu.externaltools.gnu-tools-for-stm32.10.3-2021.10.win32_1.0.0.202111181127/tools/bin/../lib/gcc/arm-none-eabi/10.3.1/thumb/v7e-m/nofp\libgcc.a(_arm_cmpsf2.o)
                0x000000000800106c                __gesf2
                0x000000000800106c                __gtsf2
                0x0000000008001074                __lesf2
                0x0000000008001074                __ltsf2
                0x000000000800107c                __nesf2
                0x000000000800107c                __eqsf2
                0x000000000800107c                __cmpsf2
                0x00000000080010dc                __aeabi_cfrcmple
                0x00000000080010e4                __aeabi_cfcmpeq
                0x00000000080010e4                __aeabi_cfcmple
                0x00000000080010f4                __aeabi_fcmpeq
                0x0000000008001108                __aeabi_fcmplt
                0x000000000800111c                __aeabi_fcmple
                0x0000000008001130                __aeabi_fcmpge
                0x0000000008001144                __aeabi_fcmpgt
 .text          0x0000000008001158       0x40 c:/st/stm32cubeide_1.9.0/stm32cubeide/plugins/com.st.stm32cube.ide.mcu.externaltools.gnu-tools-for-stm32.10.3-2021.10.win32_1.0.0.202111181127/tools/bin/../lib/gcc/arm-none-eabi/10.3.1/thumb/v7e-m/nofp\libgcc.a(_arm_fixunssfsi.o)
                0x0000000008001158                __fixunssfsi
                0x0000000008001158                __aeabi_f2uiz
 *(.text*)
 .text.__NVIC_EnableIRQ
                0x0000000008001198       0x38 ./Src/main.o
 .text.__NVIC_SetPriority
                0x00000000080011d0       0x54 ./Src/main.o
 .text.SysClockConfig
                0x0000000008001224       0xcc ./Src/main.o
                0x0000000008001224                SysClockConfig
 .text.GpioConfig
                0x00000000080012f0       0x90 ./Src/main.o
                0x00000000080012f0                GpioConfig
 .text.Interrupt_Config
                0x0000000008001380       0x64 ./Src/main.o
                0x0000000008001380                Interrupt_Config
 .text.TIM4_Config
                0x00000000080013e4       0x84 ./Src/main.o
                0x00000000080013e4                TIM4_Config
 .text.TIM6_Config
                0x0000000008001468       0x6c ./Src/main.o
                0x0000000008001468                TIM6_Config
 .text.main     0x00000000080014d4      0x408 ./Src/main.o
                0x00000000080014d4                main
 .text.Robot_PID_Q
                0x00000000080018dc      0x178 ./Src/main.o
                0x00000000080018dc                Robot_PID_Q
 .text.Robot_Ref
                0x0000000008001a54       0xc4 ./Src/main.o
                0x0000000008001a54                Robot_Ref
 .text.MotorL   0x0000000008001b18       0x3c ./Src/main.o
                0x0000000008001b18                MotorL
 .text.MotorR   0x0000000008001b54       0x3c ./Src/main.o
                0x0000000008001b54                MotorR
 .text.MotorStop
                0x0000000008001b90       0x1c ./Src/main.o
                0x0000000008001b90                MotorStop
 .text.MotorStart
                0x0000000008001bac       0x1c ./Src/main.o
                0x0000000008001bac                MotorStart
 .text.EXTI0_IRQHandler
                0x0000000008001bc8       0x2c ./Src/main.o
                0x0000000008001bc8                EXTI0_IRQHandler
 .text.EXTI1_IRQHandler
                0x0000000008001bf4       0x2c ./Src/main.o
                0x0000000008001bf4                EXTI1_IRQHandler
 .text.TIM6_DAC_IRQHandler
                0x0000000008001c20       0x2c ./Src/main.o
                0x0000000008001c20                TIM6_DAC_IRQHandler
 .text.Reset_Handler
                0x0000000008001c4c       0x50 ./Startup/startup_stm32f407vgtx.o
                0x0000000008001c4c                Reset_Handler
 .text.Default_Handler
                0x0000000008001c9c        0x2 ./Startup/startup_stm32f407vgtx.o
                0x0000000008001c9c                RTC_Alarm_IRQHandler
                0x0000000008001c9c                HASH_RNG_IRQHandler
                0x0000000008001c9c                EXTI2_IRQHandler
                0x0000000008001c9c                TIM8_CC_IRQHandler
                0x0000000008001c9c                DebugMon_Handler
                0x0000000008001c9c                TIM1_CC_IRQHandler
                0x0000000008001c9c                DMA2_Stream5_IRQHandler
                0x0000000008001c9c                HardFault_Handler
                0x0000000008001c9c                DMA1_Stream5_IRQHandler
                0x0000000008001c9c                SysTick_Handler
                0x0000000008001c9c                PVD_IRQHandler
                0x0000000008001c9c                SDIO_IRQHandler
                0x0000000008001c9c                TAMP_STAMP_IRQHandler
                0x0000000008001c9c                PendSV_Handler
                0x0000000008001c9c                NMI_Handler
                0x0000000008001c9c                CAN2_RX1_IRQHandler
                0x0000000008001c9c                EXTI3_IRQHandler
                0x0000000008001c9c                TIM8_TRG_COM_TIM14_IRQHandler
                0x0000000008001c9c                TIM1_UP_TIM10_IRQHandler
                0x0000000008001c9c                TIM8_UP_TIM13_IRQHandler
                0x0000000008001c9c                I2C3_ER_IRQHandler
                0x0000000008001c9c                LCD_TFT_IRQHandler
                0x0000000008001c9c                I2C2_EV_IRQHandler
                0x0000000008001c9c                DMA1_Stream2_IRQHandler
                0x0000000008001c9c                CAN1_RX0_IRQHandler
                0x0000000008001c9c                FPU_IRQHandler
                0x0000000008001c9c                OTG_HS_WKUP_IRQHandler
                0x0000000008001c9c                UsageFault_Handler
                0x0000000008001c9c                CAN2_SCE_IRQHandler
                0x0000000008001c9c                DMA2_Stream2_IRQHandler
                0x0000000008001c9c                SPI1_IRQHandler
                0x0000000008001c9c                TIM1_BRK_TIM9_IRQHandler
                0x0000000008001c9c                DCMI_IRQHandler
                0x0000000008001c9c                CAN2_RX0_IRQHandler
                0x0000000008001c9c                DMA2_Stream3_IRQHandler
                0x0000000008001c9c                USART6_IRQHandler
                0x0000000008001c9c                USART3_IRQHandler
                0x0000000008001c9c                CRYP_IRQHandler
                0x0000000008001c9c                CAN1_RX1_IRQHandler
                0x0000000008001c9c                UART5_IRQHandler
                0x0000000008001c9c                DMA2_Stream0_IRQHandler
                0x0000000008001c9c                TIM4_IRQHandler
                0x0000000008001c9c                I2C1_EV_IRQHandler
                0x0000000008001c9c                DMA1_Stream6_IRQHandler
                0x0000000008001c9c                DMA1_Stream1_IRQHandler
                0x0000000008001c9c                UART4_IRQHandler
                0x0000000008001c9c                LCD_TFT_1_IRQHandler
                0x0000000008001c9c                TIM3_IRQHandler
                0x0000000008001c9c                RCC_IRQHandler
                0x0000000008001c9c                TIM8_BRK_TIM12_IRQHandler
                0x0000000008001c9c                Default_Handler
                0x0000000008001c9c                EXTI15_10_IRQHandler
                0x0000000008001c9c                ADC_IRQHandler
                0x0000000008001c9c                DMA1_Stream7_IRQHandler
                0x0000000008001c9c                TIM7_IRQHandler
                0x0000000008001c9c                CAN2_TX_IRQHandler
                0x0000000008001c9c                TIM5_IRQHandler
                0x0000000008001c9c                DMA2_Stream7_IRQHandler
                0x0000000008001c9c                I2C3_EV_IRQHandler
                0x0000000008001c9c                EXTI9_5_IRQHandler
                0x0000000008001c9c                RTC_WKUP_IRQHandler
                0x0000000008001c9c                ETH_WKUP_IRQHandler
                0x0000000008001c9c                SPI2_IRQHandler
                0x0000000008001c9c                OTG_HS_EP1_IN_IRQHandler
                0x0000000008001c9c                MemManage_Handler
                0x0000000008001c9c                DMA1_Stream0_IRQHandler
                0x0000000008001c9c                CAN1_TX_IRQHandler
                0x0000000008001c9c                SVC_Handler
                0x0000000008001c9c                EXTI4_IRQHandler
                0x0000000008001c9c                FSMC_IRQHandler
                0x0000000008001c9c                ETH_IRQHandler
                0x0000000008001c9c                OTG_HS_EP1_OUT_IRQHandler
                0x0000000008001c9c                WWDG_IRQHandler
                0x0000000008001c9c                TIM2_IRQHandler
                0x0000000008001c9c                OTG_FS_WKUP_IRQHandler
                0x0000000008001c9c                TIM1_TRG_COM_TIM11_IRQHandler
                0x0000000008001c9c                OTG_HS_IRQHandler
                0x0000000008001c9c                USART2_IRQHandler
                0x0000000008001c9c                I2C2_ER_IRQHandler
                0x0000000008001c9c                DMA2_Stream1_IRQHandler
                0x0000000008001c9c                CAN1_SCE_IRQHandler
                0x0000000008001c9c                DMA2_Stream4_IRQHandler
                0x0000000008001c9c                BusFault_Handler
                0x0000000008001c9c                USART1_IRQHandler
                0x0000000008001c9c                OTG_FS_IRQHandler
                0x0000000008001c9c                SPI3_IRQHandler
                0x0000000008001c9c                DMA1_Stream4_IRQHandler
                0x0000000008001c9c                I2C1_ER_IRQHandler
                0x0000000008001c9c                DMA2_Stream6_IRQHandler
                0x0000000008001c9c                DMA1_Stream3_IRQHandler
 *fill*         0x0000000008001c9e        0x2 
 .text.__errno  0x0000000008001ca0        0xc c:/st/stm32cubeide_1.9.0/stm32cubeide/plugins/com.st.stm32cube.ide.mcu.externaltools.gnu-tools-for-stm32.10.3-2021.10.win32_1.0.0.202111181127/tools/bin/../lib/gcc/arm-none-eabi/10.3.1/../../../../arm-none-eabi/lib/thumb/v7e-m/nofp\libc_nano.a(lib_a-errno.o)
                0x0000000008001ca0                __errno
 .text.__libc_init_array
                0x0000000008001cac       0x48 c:/st/stm32cubeide_1.9.0/stm32cubeide/plugins/com.st.stm32cube.ide.mcu.externaltools.gnu-tools-for-stm32.10.3-2021.10.win32_1.0.0.202111181127/tools/bin/../lib/gcc/arm-none-eabi/10.3.1/../../../../arm-none-eabi/lib/thumb/v7e-m/nofp\libc_nano.a(lib_a-init.o)
                0x0000000008001cac                __libc_init_array
 .text.cos      0x0000000008001cf4       0x8c c:/st/stm32cubeide_1.9.0/stm32cubeide/plugins/com.st.stm32cube.ide.mcu.externaltools.gnu-tools-for-stm32.10.3-2021.10.win32_1.0.0.202111181127/tools/bin/../lib/gcc/arm-none-eabi/10.3.1/../../../../arm-none-eabi/lib/thumb/v7e-m/nofp\libm.a(lib_a-s_cos.o)
                0x0000000008001cf4                cos
 .text.sin      0x0000000008001d80       0x8c c:/st/stm32cubeide_1.9.0/stm32cubeide/plugins/com.st.stm32cube.ide.mcu.externaltools.gnu-tools-for-stm32.10.3-2021.10.win32_1.0.0.202111181127/tools/bin/../lib/gcc/arm-none-eabi/10.3.1/../../../../arm-none-eabi/lib/thumb/v7e-m/nofp\libm.a(lib_a-s_sin.o)
                0x0000000008001d80                sin
 .text.atan2    0x0000000008001e0c        0x4 c:/st/stm32cubeide_1.9.0/stm32cubeide/plugins/com.st.stm32cube.ide.mcu.externaltools.gnu-tools-for-stm32.10.3-2021.10.win32_1.0.0.202111181127/tools/bin/../lib/gcc/arm-none-eabi/10.3.1/../../../../arm-none-eabi/lib/thumb/v7e-m/nofp\libm.a(lib_a-w_atan2.o)
                0x0000000008001e0c                atan2
 .text.pow      0x0000000008001e10       0xd0 c:/st/stm32cubeide_1.9.0/stm32cubeide/plugins/com.st.stm32cube.ide.mcu.externaltools.gnu-tools-for-stm32.10.3-2021.10.win32_1.0.0.202111181127/tools/bin/../lib/gcc/arm-none-eabi/10.3.1/../../../../arm-none-eabi/lib/thumb/v7e-m/nofp\libm.a(lib_a-w_pow.o)
                0x0000000008001e10                pow
 .text.sqrt     0x0000000008001ee0       0x48 c:/st/stm32cubeide_1.9.0/stm32cubeide/plugins/com.st.stm32cube.ide.mcu.externaltools.gnu-tools-for-stm32.10.3-2021.10.win32_1.0.0.202111181127/tools/bin/../lib/gcc/arm-none-eabi/10.3.1/../../../../arm-none-eabi/lib/thumb/v7e-m/nofp\libm.a(lib_a-w_sqrt.o)
                0x0000000008001ee0                sqrt
 .text.__ieee754_atan2
                0x0000000008001f28      0x1a4 c:/st/stm32cubeide_1.9.0/stm32cubeide/plugins/com.st.stm32cube.ide.mcu.externaltools.gnu-tools-for-stm32.10.3-2021.10.win32_1.0.0.202111181127/tools/bin/../lib/gcc/arm-none-eabi/10.3.1/../../../../arm-none-eabi/lib/thumb/v7e-m/nofp\libm.a(lib_a-e_atan2.o)
                0x0000000008001f28                __ieee754_atan2
 *fill*         0x00000000080020cc        0x4 
 .text.__ieee754_pow
                0x00000000080020d0      0xa2c c:/st/stm32cubeide_1.9.0/stm32cubeide/plugins/com.st.stm32cube.ide.mcu.externaltools.gnu-tools-for-stm32.10.3-2021.10.win32_1.0.0.202111181127/tools/bin/../lib/gcc/arm-none-eabi/10.3.1/../../../../arm-none-eabi/lib/thumb/v7e-m/nofp\libm.a(lib_a-e_pow.o)
                0x00000000080020d0                __ieee754_pow
 *fill*         0x0000000008002afc        0x4 
 .text.__ieee754_rem_pio2
                0x0000000008002b00      0x3f0 c:/st/stm32cubeide_1.9.0/stm32cubeide/plugins/com.st.stm32cube.ide.mcu.externaltools.gnu-tools-for-stm32.10.3-2021.10.win32_1.0.0.202111181127/tools/bin/../lib/gcc/arm-none-eabi/10.3.1/../../../../arm-none-eabi/lib/thumb/v7e-m/nofp\libm.a(lib_a-e_rem_pio2.o)
                0x0000000008002b00                __ieee754_rem_pio2
 .text.__ieee754_sqrt
                0x0000000008002ef0      0x15c c:/st/stm32cubeide_1.9.0/stm32cubeide/plugins/com.st.stm32cube.ide.mcu.externaltools.gnu-tools-for-stm32.10.3-2021.10.win32_1.0.0.202111181127/tools/bin/../lib/gcc/arm-none-eabi/10.3.1/../../../../arm-none-eabi/lib/thumb/v7e-m/nofp\libm.a(lib_a-e_sqrt.o)
                0x0000000008002ef0                __ieee754_sqrt
 *fill*         0x000000000800304c        0x4 
 .text.__kernel_cos
                0x0000000008003050      0x17c c:/st/stm32cubeide_1.9.0/stm32cubeide/plugins/com.st.stm32cube.ide.mcu.externaltools.gnu-tools-for-stm32.10.3-2021.10.win32_1.0.0.202111181127/tools/bin/../lib/gcc/arm-none-eabi/10.3.1/../../../../arm-none-eabi/lib/thumb/v7e-m/nofp\libm.a(lib_a-k_cos.o)
                0x0000000008003050                __kernel_cos
 .text.__kernel_rem_pio2
                0x00000000080031cc      0x684 c:/st/stm32cubeide_1.9.0/stm32cubeide/plugins/com.st.stm32cube.ide.mcu.externaltools.gnu-tools-for-stm32.10.3-2021.10.win32_1.0.0.202111181127/tools/bin/../lib/gcc/arm-none-eabi/10.3.1/../../../../arm-none-eabi/lib/thumb/v7e-m/nofp\libm.a(lib_a-k_rem_pio2.o)
                0x00000000080031cc                __kernel_rem_pio2
 .text.__kernel_sin
                0x0000000008003850      0x16c c:/st/stm32cubeide_1.9.0/stm32cubeide/plugins/com.st.stm32cube.ide.mcu.externaltools.gnu-tools-for-stm32.10.3-2021.10.win32_1.0.0.202111181127/tools/bin/../lib/gcc/arm-none-eabi/10.3.1/../../../../arm-none-eabi/lib/thumb/v7e-m/nofp\libm.a(lib_a-k_sin.o)
                0x0000000008003850                __kernel_sin
 .text.with_errno
                0x00000000080039bc       0x14 c:/st/stm32cubeide_1.9.0/stm32cubeide/plugins/com.st.stm32cube.ide.mcu.externaltools.gnu-tools-for-stm32.10.3-2021.10.win32_1.0.0.202111181127/tools/bin/../lib/gcc/arm-none-eabi/10.3.1/../../../../arm-none-eabi/lib/thumb/v7e-m/nofp\libm.a(lib_a-math_err.o)
 .text.xflow    0x00000000080039d0       0x30 c:/st/stm32cubeide_1.9.0/stm32cubeide/plugins/com.st.stm32cube.ide.mcu.externaltools.gnu-tools-for-stm32.10.3-2021.10.win32_1.0.0.202111181127/tools/bin/../lib/gcc/arm-none-eabi/10.3.1/../../../../arm-none-eabi/lib/thumb/v7e-m/nofp\libm.a(lib_a-math_err.o)
 .text.__math_uflow
                0x0000000008003a00        0xa c:/st/stm32cubeide_1.9.0/stm32cubeide/plugins/com.st.stm32cube.ide.mcu.externaltools.gnu-tools-for-stm32.10.3-2021.10.win32_1.0.0.202111181127/tools/bin/../lib/gcc/arm-none-eabi/10.3.1/../../../../arm-none-eabi/lib/thumb/v7e-m/nofp\libm.a(lib_a-math_err.o)
                0x0000000008003a00                __math_uflow
 .text.__math_oflow
                0x0000000008003a0a        0xa c:/st/stm32cubeide_1.9.0/stm32cubeide/plugins/com.st.stm32cube.ide.mcu.externaltools.gnu-tools-for-stm32.10.3-2021.10.win32_1.0.0.202111181127/tools/bin/../lib/gcc/arm-none-eabi/10.3.1/../../../../arm-none-eabi/lib/thumb/v7e-m/nofp\libm.a(lib_a-math_err.o)
                0x0000000008003a0a                __math_oflow
 *fill*         0x0000000008003a14        0x4 
 .text.atan     0x0000000008003a18      0x314 c:/st/stm32cubeide_1.9.0/stm32cubeide/plugins/com.st.stm32cube.ide.mcu.externaltools.gnu-tools-for-stm32.10.3-2021.10.win32_1.0.0.202111181127/tools/bin/../lib/gcc/arm-none-eabi/10.3.1/../../../../arm-none-eabi/lib/thumb/v7e-m/nofp\libm.a(lib_a-s_atan.o)
                0x0000000008003a18                atan
 .text.fabs     0x0000000008003d2c        0x6 c:/st/stm32cubeide_1.9.0/stm32cubeide/plugins/com.st.stm32cube.ide.mcu.externaltools.gnu-tools-for-stm32.10.3-2021.10.win32_1.0.0.202111181127/tools/bin/../lib/gcc/arm-none-eabi/10.3.1/../../../../arm-none-eabi/lib/thumb/v7e-m/nofp\libm.a(lib_a-s_fabs.o)
                0x0000000008003d2c                fabs
 .text.finite   0x0000000008003d32        0xc c:/st/stm32cubeide_1.9.0/stm32cubeide/plugins/com.st.stm32cube.ide.mcu.externaltools.gnu-tools-for-stm32.10.3-2021.10.win32_1.0.0.202111181127/tools/bin/../lib/gcc/arm-none-eabi/10.3.1/../../../../arm-none-eabi/lib/thumb/v7e-m/nofp\libm.a(lib_a-s_finite.o)
                0x0000000008003d32                finite
 *fill*         0x0000000008003d3e        0x2 
 .text.floor    0x0000000008003d40      0x100 c:/st/stm32cubeide_1.9.0/stm32cubeide/plugins/com.st.stm32cube.ide.mcu.externaltools.gnu-tools-for-stm32.10.3-2021.10.win32_1.0.0.202111181127/tools/bin/../lib/gcc/arm-none-eabi/10.3.1/../../../../arm-none-eabi/lib/thumb/v7e-m/nofp\libm.a(lib_a-s_floor.o)
                0x0000000008003d40                floor
 .text.scalbn   0x0000000008003e40       0xfc c:/st/stm32cubeide_1.9.0/stm32cubeide/plugins/com.st.stm32cube.ide.mcu.externaltools.gnu-tools-for-stm32.10.3-2021.10.win32_1.0.0.202111181127/tools/bin/../lib/gcc/arm-none-eabi/10.3.1/../../../../arm-none-eabi/lib/thumb/v7e-m/nofp\libm.a(lib_a-s_scalbn.o)
                0x0000000008003e40                scalbn
 *(.glue_7)
 .glue_7        0x0000000008003f3c        0x0 linker stubs
 *(.glue_7t)
 .glue_7t       0x0000000008003f3c        0x0 linker stubs
 *(.eh_frame)
 .eh_frame      0x0000000008003f3c        0x0 c:/st/stm32cubeide_1.9.0/stm32cubeide/plugins/com.st.stm32cube.ide.mcu.externaltools.gnu-tools-for-stm32.10.3-2021.10.win32_1.0.0.202111181127/tools/bin/../lib/gcc/arm-none-eabi/10.3.1/thumb/v7e-m/nofp/crtbegin.o
 *(.init)
 .init          0x0000000008003f3c        0x4 c:/st/stm32cubeide_1.9.0/stm32cubeide/plugins/com.st.stm32cube.ide.mcu.externaltools.gnu-tools-for-stm32.10.3-2021.10.win32_1.0.0.202111181127/tools/bin/../lib/gcc/arm-none-eabi/10.3.1/thumb/v7e-m/nofp/crti.o
                0x0000000008003f3c                _init
 .init          0x0000000008003f40        0x8 c:/st/stm32cubeide_1.9.0/stm32cubeide/plugins/com.st.stm32cube.ide.mcu.externaltools.gnu-tools-for-stm32.10.3-2021.10.win32_1.0.0.202111181127/tools/bin/../lib/gcc/arm-none-eabi/10.3.1/thumb/v7e-m/nofp/crtn.o
 *(.fini)
 .fini          0x0000000008003f48        0x4 c:/st/stm32cubeide_1.9.0/stm32cubeide/plugins/com.st.stm32cube.ide.mcu.externaltools.gnu-tools-for-stm32.10.3-2021.10.win32_1.0.0.202111181127/tools/bin/../lib/gcc/arm-none-eabi/10.3.1/thumb/v7e-m/nofp/crti.o
                0x0000000008003f48                _fini
 .fini          0x0000000008003f4c        0x8 c:/st/stm32cubeide_1.9.0/stm32cubeide/plugins/com.st.stm32cube.ide.mcu.externaltools.gnu-tools-for-stm32.10.3-2021.10.win32_1.0.0.202111181127/tools/bin/../lib/gcc/arm-none-eabi/10.3.1/thumb/v7e-m/nofp/crtn.o
                0x0000000008003f54                . = ALIGN (0x4)
                0x0000000008003f54                _etext = .

.vfp11_veneer   0x0000000008003f54        0x0
 .vfp11_veneer  0x0000000008003f54        0x0 linker stubs

.v4_bx          0x0000000008003f54        0x0
 .v4_bx         0x0000000008003f54        0x0 linker stubs

.iplt           0x0000000008003f54        0x0
 .iplt          0x0000000008003f54        0x0 c:/st/stm32cubeide_1.9.0/stm32cubeide/plugins/com.st.stm32cube.ide.mcu.externaltools.gnu-tools-for-stm32.10.3-2021.10.win32_1.0.0.202111181127/tools/bin/../lib/gcc/arm-none-eabi/10.3.1/thumb/v7e-m/nofp/crtbegin.o

.rodata         0x0000000008003f58      0x278
                0x0000000008003f58                . = ALIGN (0x4)
 *(.rodata)
 *(.rodata*)
 .rodata.CSWTCH.8
                0x0000000008003f58       0x18 c:/st/stm32cubeide_1.9.0/stm32cubeide/plugins/com.st.stm32cube.ide.mcu.externaltools.gnu-tools-for-stm32.10.3-2021.10.win32_1.0.0.202111181127/tools/bin/../lib/gcc/arm-none-eabi/10.3.1/../../../../arm-none-eabi/lib/thumb/v7e-m/nofp\libm.a(lib_a-e_atan2.o)
 .rodata.CSWTCH.9
                0x0000000008003f70       0x18 c:/st/stm32cubeide_1.9.0/stm32cubeide/plugins/com.st.stm32cube.ide.mcu.externaltools.gnu-tools-for-stm32.10.3-2021.10.win32_1.0.0.202111181127/tools/bin/../lib/gcc/arm-none-eabi/10.3.1/../../../../arm-none-eabi/lib/thumb/v7e-m/nofp\libm.a(lib_a-e_atan2.o)
 .rodata.bp     0x0000000008003f88       0x10 c:/st/stm32cubeide_1.9.0/stm32cubeide/plugins/com.st.stm32cube.ide.mcu.externaltools.gnu-tools-for-stm32.10.3-2021.10.win32_1.0.0.202111181127/tools/bin/../lib/gcc/arm-none-eabi/10.3.1/../../../../arm-none-eabi/lib/thumb/v7e-m/nofp\libm.a(lib_a-e_pow.o)
 .rodata.dp_h   0x0000000008003f98       0x10 c:/st/stm32cubeide_1.9.0/stm32cubeide/plugins/com.st.stm32cube.ide.mcu.externaltools.gnu-tools-for-stm32.10.3-2021.10.win32_1.0.0.202111181127/tools/bin/../lib/gcc/arm-none-eabi/10.3.1/../../../../arm-none-eabi/lib/thumb/v7e-m/nofp\libm.a(lib_a-e_pow.o)
 .rodata.dp_l   0x0000000008003fa8       0x10 c:/st/stm32cubeide_1.9.0/stm32cubeide/plugins/com.st.stm32cube.ide.mcu.externaltools.gnu-tools-for-stm32.10.3-2021.10.win32_1.0.0.202111181127/tools/bin/../lib/gcc/arm-none-eabi/10.3.1/../../../../arm-none-eabi/lib/thumb/v7e-m/nofp\libm.a(lib_a-e_pow.o)
 .rodata.npio2_hw
                0x0000000008003fb8       0x80 c:/st/stm32cubeide_1.9.0/stm32cubeide/plugins/com.st.stm32cube.ide.mcu.externaltools.gnu-tools-for-stm32.10.3-2021.10.win32_1.0.0.202111181127/tools/bin/../lib/gcc/arm-none-eabi/10.3.1/../../../../arm-none-eabi/lib/thumb/v7e-m/nofp\libm.a(lib_a-e_rem_pio2.o)
 .rodata.two_over_pi
                0x0000000008004038      0x108 c:/st/stm32cubeide_1.9.0/stm32cubeide/plugins/com.st.stm32cube.ide.mcu.externaltools.gnu-tools-for-stm32.10.3-2021.10.win32_1.0.0.202111181127/tools/bin/../lib/gcc/arm-none-eabi/10.3.1/../../../../arm-none-eabi/lib/thumb/v7e-m/nofp\libm.a(lib_a-e_rem_pio2.o)
 .rodata.PIo2   0x0000000008004140       0x40 c:/st/stm32cubeide_1.9.0/stm32cubeide/plugins/com.st.stm32cube.ide.mcu.externaltools.gnu-tools-for-stm32.10.3-2021.10.win32_1.0.0.202111181127/tools/bin/../lib/gcc/arm-none-eabi/10.3.1/../../../../arm-none-eabi/lib/thumb/v7e-m/nofp\libm.a(lib_a-k_rem_pio2.o)
 .rodata.init_jk
                0x0000000008004180       0x10 c:/st/stm32cubeide_1.9.0/stm32cubeide/plugins/com.st.stm32cube.ide.mcu.externaltools.gnu-tools-for-stm32.10.3-2021.10.win32_1.0.0.202111181127/tools/bin/../lib/gcc/arm-none-eabi/10.3.1/../../../../arm-none-eabi/lib/thumb/v7e-m/nofp\libm.a(lib_a-k_rem_pio2.o)
 .rodata.atanhi
                0x0000000008004190       0x20 c:/st/stm32cubeide_1.9.0/stm32cubeide/plugins/com.st.stm32cube.ide.mcu.externaltools.gnu-tools-for-stm32.10.3-2021.10.win32_1.0.0.202111181127/tools/bin/../lib/gcc/arm-none-eabi/10.3.1/../../../../arm-none-eabi/lib/thumb/v7e-m/nofp\libm.a(lib_a-s_atan.o)
 .rodata.atanlo
                0x00000000080041b0       0x20 c:/st/stm32cubeide_1.9.0/stm32cubeide/plugins/com.st.stm32cube.ide.mcu.externaltools.gnu-tools-for-stm32.10.3-2021.10.win32_1.0.0.202111181127/tools/bin/../lib/gcc/arm-none-eabi/10.3.1/../../../../arm-none-eabi/lib/thumb/v7e-m/nofp\libm.a(lib_a-s_atan.o)
                0x00000000080041d0                . = ALIGN (0x4)

.rel.dyn        0x00000000080041d0        0x0
 .rel.iplt      0x00000000080041d0        0x0 c:/st/stm32cubeide_1.9.0/stm32cubeide/plugins/com.st.stm32cube.ide.mcu.externaltools.gnu-tools-for-stm32.10.3-2021.10.win32_1.0.0.202111181127/tools/bin/../lib/gcc/arm-none-eabi/10.3.1/thumb/v7e-m/nofp/crtbegin.o

.ARM.extab      0x00000000080041d0        0x0
                0x00000000080041d0                . = ALIGN (0x4)
 *(.ARM.extab* .gnu.linkonce.armextab.*)
                0x00000000080041d0                . = ALIGN (0x4)

.ARM            0x00000000080041d0        0x0
                0x00000000080041d0                . = ALIGN (0x4)
                0x00000000080041d0                __exidx_start = .
 *(.ARM.exidx*)
                0x00000000080041d0                __exidx_end = .
                0x00000000080041d0                . = ALIGN (0x4)

.preinit_array  0x00000000080041d0        0x0
                0x00000000080041d0                . = ALIGN (0x4)
                0x00000000080041d0                PROVIDE (__preinit_array_start = .)
 *(.preinit_array*)
                0x00000000080041d0                PROVIDE (__preinit_array_end = .)
                0x00000000080041d0                . = ALIGN (0x4)

.init_array     0x00000000080041d0        0x4
                0x00000000080041d0                . = ALIGN (0x4)
                0x00000000080041d0                PROVIDE (__init_array_start = .)
 *(SORT_BY_NAME(.init_array.*))
 *(.init_array*)
 .init_array    0x00000000080041d0        0x4 c:/st/stm32cubeide_1.9.0/stm32cubeide/plugins/com.st.stm32cube.ide.mcu.externaltools.gnu-tools-for-stm32.10.3-2021.10.win32_1.0.0.202111181127/tools/bin/../lib/gcc/arm-none-eabi/10.3.1/thumb/v7e-m/nofp/crtbegin.o
                0x00000000080041d4                PROVIDE (__init_array_end = .)
                0x00000000080041d4                . = ALIGN (0x4)

.fini_array     0x00000000080041d4        0x4
                0x00000000080041d4                . = ALIGN (0x4)
                [!provide]                        PROVIDE (__fini_array_start = .)
 *(SORT_BY_NAME(.fini_array.*))
 *(.fini_array*)
 .fini_array    0x00000000080041d4        0x4 c:/st/stm32cubeide_1.9.0/stm32cubeide/plugins/com.st.stm32cube.ide.mcu.externaltools.gnu-tools-for-stm32.10.3-2021.10.win32_1.0.0.202111181127/tools/bin/../lib/gcc/arm-none-eabi/10.3.1/thumb/v7e-m/nofp/crtbegin.o
                [!provide]                        PROVIDE (__fini_array_end = .)
                0x00000000080041d8                . = ALIGN (0x4)
                0x00000000080041d8                _sidata = LOADADDR (.data)

.data           0x0000000020000000       0xbc load address 0x00000000080041d8
                0x0000000020000000                . = ALIGN (0x4)
                0x0000000020000000                _sdata = .
 *(.data)
 *(.data*)
 .data.N        0x0000000020000000        0x1 ./Src/main.o
                0x0000000020000000                N
 *fill*         0x0000000020000001        0x3 
 .data.Radius   0x0000000020000004        0x4 ./Src/main.o
                0x0000000020000004                Radius
 .data.Lenght   0x0000000020000008        0x4 ./Src/main.o
                0x0000000020000008                Lenght
 .data.PI       0x000000002000000c        0x4 ./Src/main.o
                0x000000002000000c                PI
 .data.X_Y_Ref  0x0000000020000010       0x40 ./Src/main.o
                0x0000000020000010                X_Y_Ref
 .data.Ts       0x0000000020000050        0x4 ./Src/main.o
                0x0000000020000050                Ts
 .data.V        0x0000000020000054        0x4 ./Src/main.o
                0x0000000020000054                V
 .data._impure_ptr
                0x0000000020000058        0x4 c:/st/stm32cubeide_1.9.0/stm32cubeide/plugins/com.st.stm32cube.ide.mcu.externaltools.gnu-tools-for-stm32.10.3-2021.10.win32_1.0.0.202111181127/tools/bin/../lib/gcc/arm-none-eabi/10.3.1/../../../../arm-none-eabi/lib/thumb/v7e-m/nofp\libc_nano.a(lib_a-impure.o)
                0x0000000020000058                _impure_ptr
 .data.impure_data
                0x000000002000005c       0x60 c:/st/stm32cubeide_1.9.0/stm32cubeide/plugins/com.st.stm32cube.ide.mcu.externaltools.gnu-tools-for-stm32.10.3-2021.10.win32_1.0.0.202111181127/tools/bin/../lib/gcc/arm-none-eabi/10.3.1/../../../../arm-none-eabi/lib/thumb/v7e-m/nofp\libc_nano.a(lib_a-impure.o)
 *(.RamFunc)
 *(.RamFunc*)
                0x00000000200000bc                . = ALIGN (0x4)
                0x00000000200000bc                _edata = .

.igot.plt       0x00000000200000bc        0x0 load address 0x0000000008004294
 .igot.plt      0x00000000200000bc        0x0 c:/st/stm32cubeide_1.9.0/stm32cubeide/plugins/com.st.stm32cube.ide.mcu.externaltools.gnu-tools-for-stm32.10.3-2021.10.win32_1.0.0.202111181127/tools/bin/../lib/gcc/arm-none-eabi/10.3.1/thumb/v7e-m/nofp/crtbegin.o
                0x00000000200000bc                . = ALIGN (0x4)

.bss            0x00000000200000bc       0x78 load address 0x0000000008004294
                0x00000000200000bc                _sbss = .
                0x00000000200000bc                __bss_start__ = _sbss
 *(.bss)
 .bss           0x00000000200000bc       0x1c c:/st/stm32cubeide_1.9.0/stm32cubeide/plugins/com.st.stm32cube.ide.mcu.externaltools.gnu-tools-for-stm32.10.3-2021.10.win32_1.0.0.202111181127/tools/bin/../lib/gcc/arm-none-eabi/10.3.1/thumb/v7e-m/nofp/crtbegin.o
 *(.bss*)
 .bss.count     0x00000000200000d8        0x1 ./Src/main.o
                0x00000000200000d8                count
 *fill*         0x00000000200000d9        0x3 
 .bss.Enc       0x00000000200000dc        0x8 ./Src/main.o
                0x00000000200000dc                Enc
 .bss.Old_Enc   0x00000000200000e4        0x8 ./Src/main.o
                0x00000000200000e4                Old_Enc
 .bss.D_center  0x00000000200000ec        0x4 ./Src/main.o
                0x00000000200000ec                D_center
 .bss.Distance  0x00000000200000f0        0x8 ./Src/main.o
                0x00000000200000f0                Distance
 .bss.X_axis    0x00000000200000f8        0x4 ./Src/main.o
                0x00000000200000f8                X_axis
 .bss.Y_axis    0x00000000200000fc        0x4 ./Src/main.o
                0x00000000200000fc                Y_axis
 .bss.point     0x0000000020000100        0x4 ./Src/main.o
                0x0000000020000100                point
 .bss.Q         0x0000000020000104        0x4 ./Src/main.o
                0x0000000020000104                Q
 .bss.Q_ref     0x0000000020000108        0x4 ./Src/main.o
                0x0000000020000108                Q_ref
 .bss.D_ref     0x000000002000010c        0x4 ./Src/main.o
                0x000000002000010c                D_ref
 .bss.error     0x0000000020000110        0xc ./Src/main.o
                0x0000000020000110                error
 .bss.error_D   0x000000002000011c        0x4 ./Src/main.o
                0x000000002000011c                error_D
 .bss.error_I   0x0000000020000120        0x4 ./Src/main.o
                0x0000000020000120                error_I
 .bss.Vmot      0x0000000020000124        0x8 ./Src/main.o
                0x0000000020000124                Vmot
 .bss.W         0x000000002000012c        0x4 ./Src/main.o
                0x000000002000012c                W
 .bss.flag      0x0000000020000130        0x4 ./Src/main.o
                0x0000000020000130                flag
 *(COMMON)
                0x0000000020000134                . = ALIGN (0x4)
                0x0000000020000134                _ebss = .
                0x0000000020000134                __bss_end__ = _ebss

._user_heap_stack
                0x0000000020000134      0x604 load address 0x0000000008004294
                0x0000000020000138                . = ALIGN (0x8)
 *fill*         0x0000000020000134        0x4 
                [!provide]                        PROVIDE (end = .)
                0x0000000020000138                PROVIDE (_end = .)
                0x0000000020000338                . = (. + _Min_Heap_Size)
 *fill*         0x0000000020000138      0x200 
                0x0000000020000738                . = (. + _Min_Stack_Size)
 *fill*         0x0000000020000338      0x400 
                0x0000000020000738                . = ALIGN (0x8)

/DISCARD/
 libc.a(*)
 libm.a(*)
 libgcc.a(*)

.ARM.attributes
                0x0000000000000000       0x2a
 *(.ARM.attributes)
 .ARM.attributes
                0x0000000000000000       0x1e c:/st/stm32cubeide_1.9.0/stm32cubeide/plugins/com.st.stm32cube.ide.mcu.externaltools.gnu-tools-for-stm32.10.3-2021.10.win32_1.0.0.202111181127/tools/bin/../lib/gcc/arm-none-eabi/10.3.1/thumb/v7e-m/nofp/crti.o
 .ARM.attributes
                0x000000000000001e       0x2e c:/st/stm32cubeide_1.9.0/stm32cubeide/plugins/com.st.stm32cube.ide.mcu.externaltools.gnu-tools-for-stm32.10.3-2021.10.win32_1.0.0.202111181127/tools/bin/../lib/gcc/arm-none-eabi/10.3.1/thumb/v7e-m/nofp/crtbegin.o
 .ARM.attributes
                0x000000000000004c       0x2e ./Src/main.o
 .ARM.attributes
                0x000000000000007a       0x21 ./Startup/startup_stm32f407vgtx.o
 .ARM.attributes
                0x000000000000009b       0x2e c:/st/stm32cubeide_1.9.0/stm32cubeide/plugins/com.st.stm32cube.ide.mcu.externaltools.gnu-tools-for-stm32.10.3-2021.10.win32_1.0.0.202111181127/tools/bin/../lib/gcc/arm-none-eabi/10.3.1/../../../../arm-none-eabi/lib/thumb/v7e-m/nofp\libc_nano.a(lib_a-errno.o)
 .ARM.attributes
                0x00000000000000c9       0x2e c:/st/stm32cubeide_1.9.0/stm32cubeide/plugins/com.st.stm32cube.ide.mcu.externaltools.gnu-tools-for-stm32.10.3-2021.10.win32_1.0.0.202111181127/tools/bin/../lib/gcc/arm-none-eabi/10.3.1/../../../../arm-none-eabi/lib/thumb/v7e-m/nofp\libc_nano.a(lib_a-impure.o)
 .ARM.attributes
                0x00000000000000f7       0x2e c:/st/stm32cubeide_1.9.0/stm32cubeide/plugins/com.st.stm32cube.ide.mcu.externaltools.gnu-tools-for-stm32.10.3-2021.10.win32_1.0.0.202111181127/tools/bin/../lib/gcc/arm-none-eabi/10.3.1/../../../../arm-none-eabi/lib/thumb/v7e-m/nofp\libc_nano.a(lib_a-init.o)
 .ARM.attributes
                0x0000000000000125       0x2e c:/st/stm32cubeide_1.9.0/stm32cubeide/plugins/com.st.stm32cube.ide.mcu.externaltools.gnu-tools-for-stm32.10.3-2021.10.win32_1.0.0.202111181127/tools/bin/../lib/gcc/arm-none-eabi/10.3.1/../../../../arm-none-eabi/lib/thumb/v7e-m/nofp\libm.a(lib_a-s_cos.o)
 .ARM.attributes
                0x0000000000000153       0x2e c:/st/stm32cubeide_1.9.0/stm32cubeide/plugins/com.st.stm32cube.ide.mcu.externaltools.gnu-tools-for-stm32.10.3-2021.10.win32_1.0.0.202111181127/tools/bin/../lib/gcc/arm-none-eabi/10.3.1/../../../../arm-none-eabi/lib/thumb/v7e-m/nofp\libm.a(lib_a-s_sin.o)
 .ARM.attributes
                0x0000000000000181       0x2e c:/st/stm32cubeide_1.9.0/stm32cubeide/plugins/com.st.stm32cube.ide.mcu.externaltools.gnu-tools-for-stm32.10.3-2021.10.win32_1.0.0.202111181127/tools/bin/../lib/gcc/arm-none-eabi/10.3.1/../../../../arm-none-eabi/lib/thumb/v7e-m/nofp\libm.a(lib_a-w_atan2.o)
 .ARM.attributes
                0x00000000000001af       0x2e c:/st/stm32cubeide_1.9.0/stm32cubeide/plugins/com.st.stm32cube.ide.mcu.externaltools.gnu-tools-for-stm32.10.3-2021.10.win32_1.0.0.202111181127/tools/bin/../lib/gcc/arm-none-eabi/10.3.1/../../../../arm-none-eabi/lib/thumb/v7e-m/nofp\libm.a(lib_a-w_pow.o)
 .ARM.attributes
                0x00000000000001dd       0x2e c:/st/stm32cubeide_1.9.0/stm32cubeide/plugins/com.st.stm32cube.ide.mcu.externaltools.gnu-tools-for-stm32.10.3-2021.10.win32_1.0.0.202111181127/tools/bin/../lib/gcc/arm-none-eabi/10.3.1/../../../../arm-none-eabi/lib/thumb/v7e-m/nofp\libm.a(lib_a-w_sqrt.o)
 .ARM.attributes
                0x000000000000020b       0x2e c:/st/stm32cubeide_1.9.0/stm32cubeide/plugins/com.st.stm32cube.ide.mcu.externaltools.gnu-tools-for-stm32.10.3-2021.10.win32_1.0.0.202111181127/tools/bin/../lib/gcc/arm-none-eabi/10.3.1/../../../../arm-none-eabi/lib/thumb/v7e-m/nofp\libm.a(lib_a-e_atan2.o)
 .ARM.attributes
                0x0000000000000239       0x2e c:/st/stm32cubeide_1.9.0/stm32cubeide/plugins/com.st.stm32cube.ide.mcu.externaltools.gnu-tools-for-stm32.10.3-2021.10.win32_1.0.0.202111181127/tools/bin/../lib/gcc/arm-none-eabi/10.3.1/../../../../arm-none-eabi/lib/thumb/v7e-m/nofp\libm.a(lib_a-e_pow.o)
 .ARM.attributes
                0x0000000000000267       0x2e c:/st/stm32cubeide_1.9.0/stm32cubeide/plugins/com.st.stm32cube.ide.mcu.externaltools.gnu-tools-for-stm32.10.3-2021.10.win32_1.0.0.202111181127/tools/bin/../lib/gcc/arm-none-eabi/10.3.1/../../../../arm-none-eabi/lib/thumb/v7e-m/nofp\libm.a(lib_a-e_rem_pio2.o)
 .ARM.attributes
                0x0000000000000295       0x2e c:/st/stm32cubeide_1.9.0/stm32cubeide/plugins/com.st.stm32cube.ide.mcu.externaltools.gnu-tools-for-stm32.10.3-2021.10.win32_1.0.0.202111181127/tools/bin/../lib/gcc/arm-none-eabi/10.3.1/../../../../arm-none-eabi/lib/thumb/v7e-m/nofp\libm.a(lib_a-e_sqrt.o)
 .ARM.attributes
                0x00000000000002c3       0x2e c:/st/stm32cubeide_1.9.0/stm32cubeide/plugins/com.st.stm32cube.ide.mcu.externaltools.gnu-tools-for-stm32.10.3-2021.10.win32_1.0.0.202111181127/tools/bin/../lib/gcc/arm-none-eabi/10.3.1/../../../../arm-none-eabi/lib/thumb/v7e-m/nofp\libm.a(lib_a-k_cos.o)
 .ARM.attributes
                0x00000000000002f1       0x2e c:/st/stm32cubeide_1.9.0/stm32cubeide/plugins/com.st.stm32cube.ide.mcu.externaltools.gnu-tools-for-stm32.10.3-2021.10.win32_1.0.0.202111181127/tools/bin/../lib/gcc/arm-none-eabi/10.3.1/../../../../arm-none-eabi/lib/thumb/v7e-m/nofp\libm.a(lib_a-k_rem_pio2.o)
 .ARM.attributes
                0x000000000000031f       0x2e c:/st/stm32cubeide_1.9.0/stm32cubeide/plugins/com.st.stm32cube.ide.mcu.externaltools.gnu-tools-for-stm32.10.3-2021.10.win32_1.0.0.202111181127/tools/bin/../lib/gcc/arm-none-eabi/10.3.1/../../../../arm-none-eabi/lib/thumb/v7e-m/nofp\libm.a(lib_a-k_sin.o)
 .ARM.attributes
                0x000000000000034d       0x2e c:/st/stm32cubeide_1.9.0/stm32cubeide/plugins/com.st.stm32cube.ide.mcu.externaltools.gnu-tools-for-stm32.10.3-2021.10.win32_1.0.0.202111181127/tools/bin/../lib/gcc/arm-none-eabi/10.3.1/../../../../arm-none-eabi/lib/thumb/v7e-m/nofp\libm.a(lib_a-math_err.o)
 .ARM.attributes
                0x000000000000037b       0x2e c:/st/stm32cubeide_1.9.0/stm32cubeide/plugins/com.st.stm32cube.ide.mcu.externaltools.gnu-tools-for-stm32.10.3-2021.10.win32_1.0.0.202111181127/tools/bin/../lib/gcc/arm-none-eabi/10.3.1/../../../../arm-none-eabi/lib/thumb/v7e-m/nofp\libm.a(lib_a-s_atan.o)
 .ARM.attributes
                0x00000000000003a9       0x2e c:/st/stm32cubeide_1.9.0/stm32cubeide/plugins/com.st.stm32cube.ide.mcu.externaltools.gnu-tools-for-stm32.10.3-2021.10.win32_1.0.0.202111181127/tools/bin/../lib/gcc/arm-none-eabi/10.3.1/../../../../arm-none-eabi/lib/thumb/v7e-m/nofp\libm.a(lib_a-s_fabs.o)
 .ARM.attributes
                0x00000000000003d7       0x2e c:/st/stm32cubeide_1.9.0/stm32cubeide/plugins/com.st.stm32cube.ide.mcu.externaltools.gnu-tools-for-stm32.10.3-2021.10.win32_1.0.0.202111181127/tools/bin/../lib/gcc/arm-none-eabi/10.3.1/../../../../arm-none-eabi/lib/thumb/v7e-m/nofp\libm.a(lib_a-s_finite.o)
 .ARM.attributes
                0x0000000000000405       0x2e c:/st/stm32cubeide_1.9.0/stm32cubeide/plugins/com.st.stm32cube.ide.mcu.externaltools.gnu-tools-for-stm32.10.3-2021.10.win32_1.0.0.202111181127/tools/bin/../lib/gcc/arm-none-eabi/10.3.1/../../../../arm-none-eabi/lib/thumb/v7e-m/nofp\libm.a(lib_a-s_floor.o)
 .ARM.attributes
                0x0000000000000433       0x2e c:/st/stm32cubeide_1.9.0/stm32cubeide/plugins/com.st.stm32cube.ide.mcu.externaltools.gnu-tools-for-stm32.10.3-2021.10.win32_1.0.0.202111181127/tools/bin/../lib/gcc/arm-none-eabi/10.3.1/../../../../arm-none-eabi/lib/thumb/v7e-m/nofp\libm.a(lib_a-s_scalbn.o)
 .ARM.attributes
                0x0000000000000461       0x1e c:/st/stm32cubeide_1.9.0/stm32cubeide/plugins/com.st.stm32cube.ide.mcu.externaltools.gnu-tools-for-stm32.10.3-2021.10.win32_1.0.0.202111181127/tools/bin/../lib/gcc/arm-none-eabi/10.3.1/thumb/v7e-m/nofp\libgcc.a(_arm_addsubdf3.o)
 .ARM.attributes
                0x000000000000047f       0x1e c:/st/stm32cubeide_1.9.0/stm32cubeide/plugins/com.st.stm32cube.ide.mcu.externaltools.gnu-tools-for-stm32.10.3-2021.10.win32_1.0.0.202111181127/tools/bin/../lib/gcc/arm-none-eabi/10.3.1/thumb/v7e-m/nofp\libgcc.a(_arm_muldivdf3.o)
 .ARM.attributes
                0x000000000000049d       0x1e c:/st/stm32cubeide_1.9.0/stm32cubeide/plugins/com.st.stm32cube.ide.mcu.externaltools.gnu-tools-for-stm32.10.3-2021.10.win32_1.0.0.202111181127/tools/bin/../lib/gcc/arm-none-eabi/10.3.1/thumb/v7e-m/nofp\libgcc.a(_arm_cmpdf2.o)
 .ARM.attributes
                0x00000000000004bb       0x1e c:/st/stm32cubeide_1.9.0/stm32cubeide/plugins/com.st.stm32cube.ide.mcu.externaltools.gnu-tools-for-stm32.10.3-2021.10.win32_1.0.0.202111181127/tools/bin/../lib/gcc/arm-none-eabi/10.3.1/thumb/v7e-m/nofp\libgcc.a(_arm_unorddf2.o)
 .ARM.attributes
                0x00000000000004d9       0x1e c:/st/stm32cubeide_1.9.0/stm32cubeide/plugins/com.st.stm32cube.ide.mcu.externaltools.gnu-tools-for-stm32.10.3-2021.10.win32_1.0.0.202111181127/tools/bin/../lib/gcc/arm-none-eabi/10.3.1/thumb/v7e-m/nofp\libgcc.a(_arm_fixdfsi.o)
 .ARM.attributes
                0x00000000000004f7       0x1e c:/st/stm32cubeide_1.9.0/stm32cubeide/plugins/com.st.stm32cube.ide.mcu.externaltools.gnu-tools-for-stm32.10.3-2021.10.win32_1.0.0.202111181127/tools/bin/../lib/gcc/arm-none-eabi/10.3.1/thumb/v7e-m/nofp\libgcc.a(_arm_truncdfsf2.o)
 .ARM.attributes
                0x0000000000000515       0x1e c:/st/stm32cubeide_1.9.0/stm32cubeide/plugins/com.st.stm32cube.ide.mcu.externaltools.gnu-tools-for-stm32.10.3-2021.10.win32_1.0.0.202111181127/tools/bin/../lib/gcc/arm-none-eabi/10.3.1/thumb/v7e-m/nofp\libgcc.a(_arm_addsubsf3.o)
 .ARM.attributes
                0x0000000000000533       0x1e c:/st/stm32cubeide_1.9.0/stm32cubeide/plugins/com.st.stm32cube.ide.mcu.externaltools.gnu-tools-for-stm32.10.3-2021.10.win32_1.0.0.202111181127/tools/bin/../lib/gcc/arm-none-eabi/10.3.1/thumb/v7e-m/nofp\libgcc.a(_arm_muldivsf3.o)
 .ARM.attributes
                0x0000000000000551       0x1e c:/st/stm32cubeide_1.9.0/stm32cubeide/plugins/com.st.stm32cube.ide.mcu.externaltools.gnu-tools-for-stm32.10.3-2021.10.win32_1.0.0.202111181127/tools/bin/../lib/gcc/arm-none-eabi/10.3.1/thumb/v7e-m/nofp\libgcc.a(_arm_cmpsf2.o)
 .ARM.attributes
                0x000000000000056f       0x1e c:/st/stm32cubeide_1.9.0/stm32cubeide/plugins/com.st.stm32cube.ide.mcu.externaltools.gnu-tools-for-stm32.10.3-2021.10.win32_1.0.0.202111181127/tools/bin/../lib/gcc/arm-none-eabi/10.3.1/thumb/v7e-m/nofp\libgcc.a(_arm_fixunssfsi.o)
 .ARM.attributes
                0x000000000000058d       0x1e c:/st/stm32cubeide_1.9.0/stm32cubeide/plugins/com.st.stm32cube.ide.mcu.externaltools.gnu-tools-for-stm32.10.3-2021.10.win32_1.0.0.202111181127/tools/bin/../lib/gcc/arm-none-eabi/10.3.1/thumb/v7e-m/nofp/crtn.o
OUTPUT(SPI_ACC.elf elf32-littlearm)
LOAD linker stubs
LOAD c:/st/stm32cubeide_1.9.0/stm32cubeide/plugins/com.st.stm32cube.ide.mcu.externaltools.gnu-tools-for-stm32.10.3-2021.10.win32_1.0.0.202111181127/tools/bin/../lib/gcc/arm-none-eabi/10.3.1/../../../../arm-none-eabi/lib/thumb/v7e-m/nofp\libc.a
LOAD c:/st/stm32cubeide_1.9.0/stm32cubeide/plugins/com.st.stm32cube.ide.mcu.externaltools.gnu-tools-for-stm32.10.3-2021.10.win32_1.0.0.202111181127/tools/bin/../lib/gcc/arm-none-eabi/10.3.1/../../../../arm-none-eabi/lib/thumb/v7e-m/nofp\libm.a
LOAD c:/st/stm32cubeide_1.9.0/stm32cubeide/plugins/com.st.stm32cube.ide.mcu.externaltools.gnu-tools-for-stm32.10.3-2021.10.win32_1.0.0.202111181127/tools/bin/../lib/gcc/arm-none-eabi/10.3.1/thumb/v7e-m/nofp\libgcc.a

.debug_info     0x0000000000000000     0x1055
 .debug_info    0x0000000000000000     0x1033 ./Src/main.o
 .debug_info    0x0000000000001033       0x22 ./Startup/startup_stm32f407vgtx.o

.debug_abbrev   0x0000000000000000      0x2f0
 .debug_abbrev  0x0000000000000000      0x2de ./Src/main.o
 .debug_abbrev  0x00000000000002de       0x12 ./Startup/startup_stm32f407vgtx.o

.debug_aranges  0x0000000000000000       0xd8
 .debug_aranges
                0x0000000000000000       0xb0 ./Src/main.o
 .debug_aranges
                0x00000000000000b0       0x28 ./Startup/startup_stm32f407vgtx.o

.debug_ranges   0x0000000000000000       0xc0
 .debug_ranges  0x0000000000000000       0xa0 ./Src/main.o
 .debug_ranges  0x00000000000000a0       0x20 ./Startup/startup_stm32f407vgtx.o

.debug_macro    0x0000000000000000    0x18f9b
 .debug_macro   0x0000000000000000      0x23f ./Src/main.o
 .debug_macro   0x000000000000023f      0xa78 ./Src/main.o
 .debug_macro   0x0000000000000cb7       0x22 ./Src/main.o
 .debug_macro   0x0000000000000cd9       0x8e ./Src/main.o
 .debug_macro   0x0000000000000d67       0x51 ./Src/main.o
 .debug_macro   0x0000000000000db8      0x103 ./Src/main.o
 .debug_macro   0x0000000000000ebb       0x6a ./Src/main.o
 .debug_macro   0x0000000000000f25      0x1df ./Src/main.o
 .debug_macro   0x0000000000001104       0x52 ./Src/main.o
 .debug_macro   0x0000000000001156       0x18 ./Src/main.o
 .debug_macro   0x000000000000116e       0x3c ./Src/main.o
 .debug_macro   0x00000000000011aa       0x34 ./Src/main.o
 .debug_macro   0x00000000000011de       0x16 ./Src/main.o
 .debug_macro   0x00000000000011f4       0x97 ./Src/main.o
 .debug_macro   0x000000000000128b      0x341 ./Src/main.o
 .debug_macro   0x00000000000015cc       0xfd ./Src/main.o
 .debug_macro   0x00000000000016c9       0x10 ./Src/main.o
 .debug_macro   0x00000000000016d9       0x16 ./Src/main.o
 .debug_macro   0x00000000000016ef       0x43 ./Src/main.o
 .debug_macro   0x0000000000001732       0x34 ./Src/main.o
 .debug_macro   0x0000000000001766       0x10 ./Src/main.o
 .debug_macro   0x0000000000001776       0x58 ./Src/main.o
 .debug_macro   0x00000000000017ce       0x71 ./Src/main.o
 .debug_macro   0x000000000000183f       0x1c ./Src/main.o
 .debug_macro   0x000000000000185b      0x12a ./Src/main.o
 .debug_macro   0x0000000000001985       0x10 ./Src/main.o
 .debug_macro   0x0000000000001995       0x1c ./Src/main.o
 .debug_macro   0x00000000000019b1       0x52 ./Src/main.o
 .debug_macro   0x0000000000001a03       0x22 ./Src/main.o
 .debug_macro   0x0000000000001a25       0x10 ./Src/main.o
 .debug_macro   0x0000000000001a35       0x52 ./Src/main.o
 .debug_macro   0x0000000000001a87       0xd5 ./Src/main.o
 .debug_macro   0x0000000000001b5c       0x1c ./Src/main.o
 .debug_macro   0x0000000000001b78       0x3d ./Src/main.o
 .debug_macro   0x0000000000001bb5       0x16 ./Src/main.o
 .debug_macro   0x0000000000001bcb      0x145 ./Src/main.o
 .debug_macro   0x0000000000001d10      0x19b ./Src/main.o
 .debug_macro   0x0000000000001eab       0x2f ./Src/main.o
 .debug_macro   0x0000000000001eda       0x1c ./Src/main.o
 .debug_macro   0x0000000000001ef6       0x22 ./Src/main.o
 .debug_macro   0x0000000000001f18       0xd9 ./Src/main.o
 .debug_macro   0x0000000000001ff1     0x102d ./Src/main.o
 .debug_macro   0x000000000000301e      0x11f ./Src/main.o
 .debug_macro   0x000000000000313d    0x15e3c ./Src/main.o
 .debug_macro   0x0000000000018f79       0x22 ./Src/main.o

.debug_line     0x0000000000000000      0xbf9
 .debug_line    0x0000000000000000      0xb75 ./Src/main.o
 .debug_line    0x0000000000000b75       0x84 ./Startup/startup_stm32f407vgtx.o

.debug_str      0x0000000000000000    0x8c6e5
 .debug_str     0x0000000000000000    0x8c677 ./Src/main.o
                                      0x8c8cf (size before relaxing)
 .debug_str     0x000000000008c677       0x6e ./Startup/startup_stm32f407vgtx.o

.comment        0x0000000000000000       0x50
 .comment       0x0000000000000000       0x50 ./Src/main.o
                                         0x51 (size before relaxing)

.debug_frame    0x0000000000000000      0xb70
 .debug_frame   0x0000000000000000      0x2a8 ./Src/main.o
 .debug_frame   0x00000000000002a8       0x20 c:/st/stm32cubeide_1.9.0/stm32cubeide/plugins/com.st.stm32cube.ide.mcu.externaltools.gnu-tools-for-stm32.10.3-2021.10.win32_1.0.0.202111181127/tools/bin/../lib/gcc/arm-none-eabi/10.3.1/../../../../arm-none-eabi/lib/thumb/v7e-m/nofp\libc_nano.a(lib_a-errno.o)
 .debug_frame   0x00000000000002c8       0x2c c:/st/stm32cubeide_1.9.0/stm32cubeide/plugins/com.st.stm32cube.ide.mcu.externaltools.gnu-tools-for-stm32.10.3-2021.10.win32_1.0.0.202111181127/tools/bin/../lib/gcc/arm-none-eabi/10.3.1/../../../../arm-none-eabi/lib/thumb/v7e-m/nofp\libc_nano.a(lib_a-init.o)
 .debug_frame   0x00000000000002f4       0x40 c:/st/stm32cubeide_1.9.0/stm32cubeide/plugins/com.st.stm32cube.ide.mcu.externaltools.gnu-tools-for-stm32.10.3-2021.10.win32_1.0.0.202111181127/tools/bin/../lib/gcc/arm-none-eabi/10.3.1/../../../../arm-none-eabi/lib/thumb/v7e-m/nofp\libm.a(lib_a-s_cos.o)
 .debug_frame   0x0000000000000334       0x34 c:/st/stm32cubeide_1.9.0/stm32cubeide/plugins/com.st.stm32cube.ide.mcu.externaltools.gnu-tools-for-stm32.10.3-2021.10.win32_1.0.0.202111181127/tools/bin/../lib/gcc/arm-none-eabi/10.3.1/../../../../arm-none-eabi/lib/thumb/v7e-m/nofp\libm.a(lib_a-s_sin.o)
 .debug_frame   0x0000000000000368       0x20 c:/st/stm32cubeide_1.9.0/stm32cubeide/plugins/com.st.stm32cube.ide.mcu.externaltools.gnu-tools-for-stm32.10.3-2021.10.win32_1.0.0.202111181127/tools/bin/../lib/gcc/arm-none-eabi/10.3.1/../../../../arm-none-eabi/lib/thumb/v7e-m/nofp\libm.a(lib_a-w_atan2.o)
 .debug_frame   0x0000000000000388       0x34 c:/st/stm32cubeide_1.9.0/stm32cubeide/plugins/com.st.stm32cube.ide.mcu.externaltools.gnu-tools-for-stm32.10.3-2021.10.win32_1.0.0.202111181127/tools/bin/../lib/gcc/arm-none-eabi/10.3.1/../../../../arm-none-eabi/lib/thumb/v7e-m/nofp\libm.a(lib_a-w_pow.o)
 .debug_frame   0x00000000000003bc       0x30 c:/st/stm32cubeide_1.9.0/stm32cubeide/plugins/com.st.stm32cube.ide.mcu.externaltools.gnu-tools-for-stm32.10.3-2021.10.win32_1.0.0.202111181127/tools/bin/../lib/gcc/arm-none-eabi/10.3.1/../../../../arm-none-eabi/lib/thumb/v7e-m/nofp\libm.a(lib_a-w_sqrt.o)
 .debug_frame   0x00000000000003ec       0x48 c:/st/stm32cubeide_1.9.0/stm32cubeide/plugins/com.st.stm32cube.ide.mcu.externaltools.gnu-tools-for-stm32.10.3-2021.10.win32_1.0.0.202111181127/tools/bin/../lib/gcc/arm-none-eabi/10.3.1/../../../../arm-none-eabi/lib/thumb/v7e-m/nofp\libm.a(lib_a-e_atan2.o)
 .debug_frame   0x0000000000000434       0x78 c:/st/stm32cubeide_1.9.0/stm32cubeide/plugins/com.st.stm32cube.ide.mcu.externaltools.gnu-tools-for-stm32.10.3-2021.10.win32_1.0.0.202111181127/tools/bin/../lib/gcc/arm-none-eabi/10.3.1/../../../../arm-none-eabi/lib/thumb/v7e-m/nofp\libm.a(lib_a-e_pow.o)
 .debug_frame   0x00000000000004ac       0x40 c:/st/stm32cubeide_1.9.0/stm32cubeide/plugins/com.st.stm32cube.ide.mcu.externaltools.gnu-tools-for-stm32.10.3-2021.10.win32_1.0.0.202111181127/tools/bin/../lib/gcc/arm-none-eabi/10.3.1/../../../../arm-none-eabi/lib/thumb/v7e-m/nofp\libm.a(lib_a-e_rem_pio2.o)
 .debug_frame   0x00000000000004ec       0x30 c:/st/stm32cubeide_1.9.0/stm32cubeide/plugins/com.st.stm32cube.ide.mcu.externaltools.gnu-tools-for-stm32.10.3-2021.10.win32_1.0.0.202111181127/tools/bin/../lib/gcc/arm-none-eabi/10.3.1/../../../../arm-none-eabi/lib/thumb/v7e-m/nofp\libm.a(lib_a-e_sqrt.o)
 .debug_frame   0x000000000000051c       0x3c c:/st/stm32cubeide_1.9.0/stm32cubeide/plugins/com.st.stm32cube.ide.mcu.externaltools.gnu-tools-for-stm32.10.3-2021.10.win32_1.0.0.202111181127/tools/bin/../lib/gcc/arm-none-eabi/10.3.1/../../../../arm-none-eabi/lib/thumb/v7e-m/nofp\libm.a(lib_a-k_cos.o)
 .debug_frame   0x0000000000000558       0x44 c:/st/stm32cubeide_1.9.0/stm32cubeide/plugins/com.st.stm32cube.ide.mcu.externaltools.gnu-tools-for-stm32.10.3-2021.10.win32_1.0.0.202111181127/tools/bin/../lib/gcc/arm-none-eabi/10.3.1/../../../../arm-none-eabi/lib/thumb/v7e-m/nofp\libm.a(lib_a-k_rem_pio2.o)
 .debug_frame   0x000000000000059c       0x40 c:/st/stm32cubeide_1.9.0/stm32cubeide/plugins/com.st.stm32cube.ide.mcu.externaltools.gnu-tools-for-stm32.10.3-2021.10.win32_1.0.0.202111181127/tools/bin/../lib/gcc/arm-none-eabi/10.3.1/../../../../arm-none-eabi/lib/thumb/v7e-m/nofp\libm.a(lib_a-k_sin.o)
 .debug_frame   0x00000000000005dc      0x120 c:/st/stm32cubeide_1.9.0/stm32cubeide/plugins/com.st.stm32cube.ide.mcu.externaltools.gnu-tools-for-stm32.10.3-2021.10.win32_1.0.0.202111181127/tools/bin/../lib/gcc/arm-none-eabi/10.3.1/../../../../arm-none-eabi/lib/thumb/v7e-m/nofp\libm.a(lib_a-math_err.o)
 .debug_frame   0x00000000000006fc       0x38 c:/st/stm32cubeide_1.9.0/stm32cubeide/plugins/com.st.stm32cube.ide.mcu.externaltools.gnu-tools-for-stm32.10.3-2021.10.win32_1.0.0.202111181127/tools/bin/../lib/gcc/arm-none-eabi/10.3.1/../../../../arm-none-eabi/lib/thumb/v7e-m/nofp\libm.a(lib_a-s_atan.o)
 .debug_frame   0x0000000000000734       0x20 c:/st/stm32cubeide_1.9.0/stm32cubeide/plugins/com.st.stm32cube.ide.mcu.externaltools.gnu-tools-for-stm32.10.3-2021.10.win32_1.0.0.202111181127/tools/bin/../lib/gcc/arm-none-eabi/10.3.1/../../../../arm-none-eabi/lib/thumb/v7e-m/nofp\libm.a(lib_a-s_fabs.o)
 .debug_frame   0x0000000000000754       0x20 c:/st/stm32cubeide_1.9.0/stm32cubeide/plugins/com.st.stm32cube.ide.mcu.externaltools.gnu-tools-for-stm32.10.3-2021.10.win32_1.0.0.202111181127/tools/bin/../lib/gcc/arm-none-eabi/10.3.1/../../../../arm-none-eabi/lib/thumb/v7e-m/nofp\libm.a(lib_a-s_finite.o)
 .debug_frame   0x0000000000000774       0x34 c:/st/stm32cubeide_1.9.0/stm32cubeide/plugins/com.st.stm32cube.ide.mcu.externaltools.gnu-tools-for-stm32.10.3-2021.10.win32_1.0.0.202111181127/tools/bin/../lib/gcc/arm-none-eabi/10.3.1/../../../../arm-none-eabi/lib/thumb/v7e-m/nofp\libm.a(lib_a-s_floor.o)
 .debug_frame   0x00000000000007a8       0x30 c:/st/stm32cubeide_1.9.0/stm32cubeide/plugins/com.st.stm32cube.ide.mcu.externaltools.gnu-tools-for-stm32.10.3-2021.10.win32_1.0.0.202111181127/tools/bin/../lib/gcc/arm-none-eabi/10.3.1/../../../../arm-none-eabi/lib/thumb/v7e-m/nofp\libm.a(lib_a-s_scalbn.o)
 .debug_frame   0x00000000000007d8       0xac c:/st/stm32cubeide_1.9.0/stm32cubeide/plugins/com.st.stm32cube.ide.mcu.externaltools.gnu-tools-for-stm32.10.3-2021.10.win32_1.0.0.202111181127/tools/bin/../lib/gcc/arm-none-eabi/10.3.1/thumb/v7e-m/nofp\libgcc.a(_arm_addsubdf3.o)
 .debug_frame   0x0000000000000884       0x50 c:/st/stm32cubeide_1.9.0/stm32cubeide/plugins/com.st.stm32cube.ide.mcu.externaltools.gnu-tools-for-stm32.10.3-2021.10.win32_1.0.0.202111181127/tools/bin/../lib/gcc/arm-none-eabi/10.3.1/thumb/v7e-m/nofp\libgcc.a(_arm_muldivdf3.o)
 .debug_frame   0x00000000000008d4       0xc4 c:/st/stm32cubeide_1.9.0/stm32cubeide/plugins/com.st.stm32cube.ide.mcu.externaltools.gnu-tools-for-stm32.10.3-2021.10.win32_1.0.0.202111181127/tools/bin/../lib/gcc/arm-none-eabi/10.3.1/thumb/v7e-m/nofp\libgcc.a(_arm_cmpdf2.o)
 .debug_frame   0x0000000000000998       0x20 c:/st/stm32cubeide_1.9.0/stm32cubeide/plugins/com.st.stm32cube.ide.mcu.externaltools.gnu-tools-for-stm32.10.3-2021.10.win32_1.0.0.202111181127/tools/bin/../lib/gcc/arm-none-eabi/10.3.1/thumb/v7e-m/nofp\libgcc.a(_arm_unorddf2.o)
 .debug_frame   0x00000000000009b8       0x24 c:/st/stm32cubeide_1.9.0/stm32cubeide/plugins/com.st.stm32cube.ide.mcu.externaltools.gnu-tools-for-stm32.10.3-2021.10.win32_1.0.0.202111181127/tools/bin/../lib/gcc/arm-none-eabi/10.3.1/thumb/v7e-m/nofp\libgcc.a(_arm_fixdfsi.o)
 .debug_frame   0x00000000000009dc       0x24 c:/st/stm32cubeide_1.9.0/stm32cubeide/plugins/com.st.stm32cube.ide.mcu.externaltools.gnu-tools-for-stm32.10.3-2021.10.win32_1.0.0.202111181127/tools/bin/../lib/gcc/arm-none-eabi/10.3.1/thumb/v7e-m/nofp\libgcc.a(_arm_truncdfsf2.o)
 .debug_frame   0x0000000000000a00       0x4c c:/st/stm32cubeide_1.9.0/stm32cubeide/plugins/com.st.stm32cube.ide.mcu.externaltools.gnu-tools-for-stm32.10.3-2021.10.win32_1.0.0.202111181127/tools/bin/../lib/gcc/arm-none-eabi/10.3.1/thumb/v7e-m/nofp\libgcc.a(_arm_addsubsf3.o)
 .debug_frame   0x0000000000000a4c       0x38 c:/st/stm32cubeide_1.9.0/stm32cubeide/plugins/com.st.stm32cube.ide.mcu.externaltools.gnu-tools-for-stm32.10.3-2021.10.win32_1.0.0.202111181127/tools/bin/../lib/gcc/arm-none-eabi/10.3.1/thumb/v7e-m/nofp\libgcc.a(_arm_muldivsf3.o)
 .debug_frame   0x0000000000000a84       0xc8 c:/st/stm32cubeide_1.9.0/stm32cubeide/plugins/com.st.stm32cube.ide.mcu.externaltools.gnu-tools-for-stm32.10.3-2021.10.win32_1.0.0.202111181127/tools/bin/../lib/gcc/arm-none-eabi/10.3.1/thumb/v7e-m/nofp\libgcc.a(_arm_cmpsf2.o)
 .debug_frame   0x0000000000000b4c       0x24 c:/st/stm32cubeide_1.9.0/stm32cubeide/plugins/com.st.stm32cube.ide.mcu.externaltools.gnu-tools-for-stm32.10.3-2021.10.win32_1.0.0.202111181127/tools/bin/../lib/gcc/arm-none-eabi/10.3.1/thumb/v7e-m/nofp\libgcc.a(_arm_fixunssfsi.o)
